// Jest Snapshot v1, https://goo.gl/fbAQLP

exports[`Test Footer Component 1`] = `
<footer
  className="footer"
>
  <div
    className="footer-container"
  >
    <p>
      Created by
       
      <span
        onClick={[Function]}
        onKeyDown={[Function]}
        role="link"
        tabIndex="0"
      >
        Daniel Selase Anyidoho
      </span>
    </p>
  </div>
</footer>
`;
